<html>
<body>
<pre>
<h1>µVision Build Log</h1>
<h2>Project:</h2>
D:\Schoolwork\EE 445L\Labs\Lab 5\PeriodicTimer0AInts.uvproj
Project File Date:  09/28/2016

<h2>Output:</h2>
Rebuild target 'PeriodicTimer0AInts'
assembling startup.s...
compiling PeriodicTimer0AInts.c...
compiling Timer0A.c...
compiling PLL.c...
compiling Switch.c...
Switch.c(1): warning:  #1-D: last line of file ends without a newline
  //
Switch.c: 1 warning, 0 errors
compiling DAC.c...
DAC.c(1): warning:  #1-D: last line of file ends without a newline
  //
DAC.c: 1 warning, 0 errors
compiling Music.c...
Music.c(1): warning:  #1-D: last line of file ends without a newline
  //
Music.c: 1 warning, 0 errors
linking...
Program Size: Code=1416 RO-data=64 RW-data=8 ZI-data=1120  
".\PeriodicTimer0AInts.axf" - 0 Error(s), 3 Warning(s).
</pre>
</body>
</html>
