<html>
<body>
<pre>
<h1>µVision Build Log</h1>
<h2>Project:</h2>
D:\Schoolwork\EE 445L\Labs\Lab 5\PeriodicTimer0AInts.uvproj
Project File Date:  10/03/2016

<h2>Output:</h2>
Rebuild target 'PeriodicTimer0AInts'
assembling startup.s...
compiling PeriodicTimer0AInts.c...
compiling Timer0A.c...
compiling PLL.c...
compiling Switch.c...
compiling DAC.c...
DAC.c(7): warning:  #550-D: variable "delay" was set but never used
    uint32_t delay;
DAC.c: 1 warning, 0 errors
compiling Music.c...
compiling Timer1A.c...
linking...
Program Size: Code=1256 RO-data=32 RW-data=4 ZI-data=1124  
".\PeriodicTimer0AInts.axf" - 0 Error(s), 1 Warning(s).
</pre>
</body>
</html>
